........................................................................ [ 90%]
........                                                                 [100%]
=============================== warnings summary ===============================
../pyvenv/lib/python3.14/site-packages/fastapi/testclient.py:1
  /Users/iv/Developer/ReluxWorks/curator-spec/.temp/TASK-260824-3ojxne/scratch/pyvenv/lib/python3.14/site-packages/fastapi/testclient.py:1: StarletteDeprecationWarning: Using `httpx` with `starlette.testclient` is deprecated; install `httpx2` instead.
    from starlette.testclient import TestClient as TestClient  # noqa

../pyvenv/lib/python3.14/site-packages/_pytest/pathlib.py:95
  /Users/iv/Developer/ReluxWorks/curator-spec/.temp/TASK-260824-3ojxne/scratch/pyvenv/lib/python3.14/site-packages/_pytest/pathlib.py:95: PytestWarning: (rm_rf) error removing /private/var/folders/cz/jqbthtks55zbkpcdkfyk4bl80000gp/T/pytest-of-iv/garbage-769bb6a1-21a9-4246-b2d8-68d9719274c5/test_rc6_toolchain_case_toolch0/toolchain-mode-1/pkg
  <class 'OSError'>: [Errno 66] Directory not empty: '/private/var/folders/cz/jqbthtks55zbkpcdkfyk4bl80000gp/T/pytest-of-iv/garbage-769bb6a1-21a9-4246-b2d8-68d9719274c5/test_rc6_toolchain_case_toolch0/toolchain-mode-1/pkg'
    warnings.warn(

../pyvenv/lib/python3.14/site-packages/_pytest/pathlib.py:95
  /Users/iv/Developer/ReluxWorks/curator-spec/.temp/TASK-260824-3ojxne/scratch/pyvenv/lib/python3.14/site-packages/_pytest/pathlib.py:95: PytestWarning: (rm_rf) error removing /private/var/folders/cz/jqbthtks55zbkpcdkfyk4bl80000gp/T/pytest-of-iv/garbage-769bb6a1-21a9-4246-b2d8-68d9719274c5/test_rc6_toolchain_case_toolch0/toolchain-mode-1
  <class 'OSError'>: [Errno 66] Directory not empty: '/private/var/folders/cz/jqbthtks55zbkpcdkfyk4bl80000gp/T/pytest-of-iv/garbage-769bb6a1-21a9-4246-b2d8-68d9719274c5/test_rc6_toolchain_case_toolch0/toolchain-mode-1'
    warnings.warn(

../pyvenv/lib/python3.14/site-packages/_pytest/pathlib.py:95
  /Users/iv/Developer/ReluxWorks/curator-spec/.temp/TASK-260824-3ojxne/scratch/pyvenv/lib/python3.14/site-packages/_pytest/pathlib.py:95: PytestWarning: (rm_rf) error removing /private/var/folders/cz/jqbthtks55zbkpcdkfyk4bl80000gp/T/pytest-of-iv/garbage-769bb6a1-21a9-4246-b2d8-68d9719274c5/test_rc6_toolchain_case_toolch0
  <class 'OSError'>: [Errno 66] Directory not empty: '/private/var/folders/cz/jqbthtks55zbkpcdkfyk4bl80000gp/T/pytest-of-iv/garbage-769bb6a1-21a9-4246-b2d8-68d9719274c5/test_rc6_toolchain_case_toolch0'
    warnings.warn(

../pyvenv/lib/python3.14/site-packages/_pytest/pathlib.py:95
  /Users/iv/Developer/ReluxWorks/curator-spec/.temp/TASK-260824-3ojxne/scratch/pyvenv/lib/python3.14/site-packages/_pytest/pathlib.py:95: PytestWarning: (rm_rf) error removing /private/var/folders/cz/jqbthtks55zbkpcdkfyk4bl80000gp/T/pytest-of-iv/garbage-769bb6a1-21a9-4246-b2d8-68d9719274c5
  <class 'OSError'>: [Errno 66] Directory not empty: '/private/var/folders/cz/jqbthtks55zbkpcdkfyk4bl80000gp/T/pytest-of-iv/garbage-769bb6a1-21a9-4246-b2d8-68d9719274c5'
    warnings.warn(

../pyvenv/lib/python3.14/site-packages/_pytest/pathlib.py:95
  /Users/iv/Developer/ReluxWorks/curator-spec/.temp/TASK-260824-3ojxne/scratch/pyvenv/lib/python3.14/site-packages/_pytest/pathlib.py:95: PytestWarning: (rm_rf) error removing /private/var/folders/cz/jqbthtks55zbkpcdkfyk4bl80000gp/T/pytest-of-iv/garbage-dafba29e-eb72-4e98-8f36-3fdda165b527/test_rc6_toolchain_case_toolch0/toolchain-mode-1/pkg
  <class 'OSError'>: [Errno 66] Directory not empty: '/private/var/folders/cz/jqbthtks55zbkpcdkfyk4bl80000gp/T/pytest-of-iv/garbage-dafba29e-eb72-4e98-8f36-3fdda165b527/test_rc6_toolchain_case_toolch0/toolchain-mode-1/pkg'
    warnings.warn(

../pyvenv/lib/python3.14/site-packages/_pytest/pathlib.py:95
  /Users/iv/Developer/ReluxWorks/curator-spec/.temp/TASK-260824-3ojxne/scratch/pyvenv/lib/python3.14/site-packages/_pytest/pathlib.py:95: PytestWarning: (rm_rf) error removing /private/var/folders/cz/jqbthtks55zbkpcdkfyk4bl80000gp/T/pytest-of-iv/garbage-dafba29e-eb72-4e98-8f36-3fdda165b527/test_rc6_toolchain_case_toolch0/toolchain-mode-1
  <class 'OSError'>: [Errno 66] Directory not empty: '/private/var/folders/cz/jqbthtks55zbkpcdkfyk4bl80000gp/T/pytest-of-iv/garbage-dafba29e-eb72-4e98-8f36-3fdda165b527/test_rc6_toolchain_case_toolch0/toolchain-mode-1'
    warnings.warn(

../pyvenv/lib/python3.14/site-packages/_pytest/pathlib.py:95
  /Users/iv/Developer/ReluxWorks/curator-spec/.temp/TASK-260824-3ojxne/scratch/pyvenv/lib/python3.14/site-packages/_pytest/pathlib.py:95: PytestWarning: (rm_rf) error removing /private/var/folders/cz/jqbthtks55zbkpcdkfyk4bl80000gp/T/pytest-of-iv/garbage-dafba29e-eb72-4e98-8f36-3fdda165b527/test_rc6_toolchain_case_toolch0
  <class 'OSError'>: [Errno 66] Directory not empty: '/private/var/folders/cz/jqbthtks55zbkpcdkfyk4bl80000gp/T/pytest-of-iv/garbage-dafba29e-eb72-4e98-8f36-3fdda165b527/test_rc6_toolchain_case_toolch0'
    warnings.warn(

../pyvenv/lib/python3.14/site-packages/_pytest/pathlib.py:95
  /Users/iv/Developer/ReluxWorks/curator-spec/.temp/TASK-260824-3ojxne/scratch/pyvenv/lib/python3.14/site-packages/_pytest/pathlib.py:95: PytestWarning: (rm_rf) error removing /private/var/folders/cz/jqbthtks55zbkpcdkfyk4bl80000gp/T/pytest-of-iv/garbage-dafba29e-eb72-4e98-8f36-3fdda165b527
  <class 'OSError'>: [Errno 66] Directory not empty: '/private/var/folders/cz/jqbthtks55zbkpcdkfyk4bl80000gp/T/pytest-of-iv/garbage-dafba29e-eb72-4e98-8f36-3fdda165b527'
    warnings.warn(

../pyvenv/lib/python3.14/site-packages/_pytest/pathlib.py:95
  /Users/iv/Developer/ReluxWorks/curator-spec/.temp/TASK-260824-3ojxne/scratch/pyvenv/lib/python3.14/site-packages/_pytest/pathlib.py:95: PytestWarning: (rm_rf) error removing /private/var/folders/cz/jqbthtks55zbkpcdkfyk4bl80000gp/T/pytest-of-iv/garbage-c539e04a-12b7-4158-892f-bdf820428368/test_rc6_toolchain_case_toolch0/toolchain-mode-1/pkg
  <class 'OSError'>: [Errno 66] Directory not empty: '/private/var/folders/cz/jqbthtks55zbkpcdkfyk4bl80000gp/T/pytest-of-iv/garbage-c539e04a-12b7-4158-892f-bdf820428368/test_rc6_toolchain_case_toolch0/toolchain-mode-1/pkg'
    warnings.warn(

../pyvenv/lib/python3.14/site-packages/_pytest/pathlib.py:95
  /Users/iv/Developer/ReluxWorks/curator-spec/.temp/TASK-260824-3ojxne/scratch/pyvenv/lib/python3.14/site-packages/_pytest/pathlib.py:95: PytestWarning: (rm_rf) error removing /private/var/folders/cz/jqbthtks55zbkpcdkfyk4bl80000gp/T/pytest-of-iv/garbage-c539e04a-12b7-4158-892f-bdf820428368/test_rc6_toolchain_case_toolch0/toolchain-mode-1
  <class 'OSError'>: [Errno 66] Directory not empty: '/private/var/folders/cz/jqbthtks55zbkpcdkfyk4bl80000gp/T/pytest-of-iv/garbage-c539e04a-12b7-4158-892f-bdf820428368/test_rc6_toolchain_case_toolch0/toolchain-mode-1'
    warnings.warn(

../pyvenv/lib/python3.14/site-packages/_pytest/pathlib.py:95
  /Users/iv/Developer/ReluxWorks/curator-spec/.temp/TASK-260824-3ojxne/scratch/pyvenv/lib/python3.14/site-packages/_pytest/pathlib.py:95: PytestWarning: (rm_rf) error removing /private/var/folders/cz/jqbthtks55zbkpcdkfyk4bl80000gp/T/pytest-of-iv/garbage-c539e04a-12b7-4158-892f-bdf820428368/test_rc6_toolchain_case_toolch0
  <class 'OSError'>: [Errno 66] Directory not empty: '/private/var/folders/cz/jqbthtks55zbkpcdkfyk4bl80000gp/T/pytest-of-iv/garbage-c539e04a-12b7-4158-892f-bdf820428368/test_rc6_toolchain_case_toolch0'
    warnings.warn(

../pyvenv/lib/python3.14/site-packages/_pytest/pathlib.py:95
  /Users/iv/Developer/ReluxWorks/curator-spec/.temp/TASK-260824-3ojxne/scratch/pyvenv/lib/python3.14/site-packages/_pytest/pathlib.py:95: PytestWarning: (rm_rf) error removing /private/var/folders/cz/jqbthtks55zbkpcdkfyk4bl80000gp/T/pytest-of-iv/garbage-c539e04a-12b7-4158-892f-bdf820428368
  <class 'OSError'>: [Errno 66] Directory not empty: '/private/var/folders/cz/jqbthtks55zbkpcdkfyk4bl80000gp/T/pytest-of-iv/garbage-c539e04a-12b7-4158-892f-bdf820428368'
    warnings.warn(

../pyvenv/lib/python3.14/site-packages/_pytest/pathlib.py:95
  /Users/iv/Developer/ReluxWorks/curator-spec/.temp/TASK-260824-3ojxne/scratch/pyvenv/lib/python3.14/site-packages/_pytest/pathlib.py:95: PytestWarning: (rm_rf) error removing /private/var/folders/cz/jqbthtks55zbkpcdkfyk4bl80000gp/T/pytest-of-iv/garbage-b9d30bf1-d1c0-4f95-af92-b338967b397d/test_rc6_toolchain_case_toolch0/toolchain-mode-1/pkg
  <class 'OSError'>: [Errno 66] Directory not empty: '/private/var/folders/cz/jqbthtks55zbkpcdkfyk4bl80000gp/T/pytest-of-iv/garbage-b9d30bf1-d1c0-4f95-af92-b338967b397d/test_rc6_toolchain_case_toolch0/toolchain-mode-1/pkg'
    warnings.warn(

../pyvenv/lib/python3.14/site-packages/_pytest/pathlib.py:95
  /Users/iv/Developer/ReluxWorks/curator-spec/.temp/TASK-260824-3ojxne/scratch/pyvenv/lib/python3.14/site-packages/_pytest/pathlib.py:95: PytestWarning: (rm_rf) error removing /private/var/folders/cz/jqbthtks55zbkpcdkfyk4bl80000gp/T/pytest-of-iv/garbage-b9d30bf1-d1c0-4f95-af92-b338967b397d/test_rc6_toolchain_case_toolch0/toolchain-mode-1
  <class 'OSError'>: [Errno 66] Directory not empty: '/private/var/folders/cz/jqbthtks55zbkpcdkfyk4bl80000gp/T/pytest-of-iv/garbage-b9d30bf1-d1c0-4f95-af92-b338967b397d/test_rc6_toolchain_case_toolch0/toolchain-mode-1'
    warnings.warn(

../pyvenv/lib/python3.14/site-packages/_pytest/pathlib.py:95
  /Users/iv/Developer/ReluxWorks/curator-spec/.temp/TASK-260824-3ojxne/scratch/pyvenv/lib/python3.14/site-packages/_pytest/pathlib.py:95: PytestWarning: (rm_rf) error removing /private/var/folders/cz/jqbthtks55zbkpcdkfyk4bl80000gp/T/pytest-of-iv/garbage-b9d30bf1-d1c0-4f95-af92-b338967b397d/test_rc6_toolchain_case_toolch0
  <class 'OSError'>: [Errno 66] Directory not empty: '/private/var/folders/cz/jqbthtks55zbkpcdkfyk4bl80000gp/T/pytest-of-iv/garbage-b9d30bf1-d1c0-4f95-af92-b338967b397d/test_rc6_toolchain_case_toolch0'
    warnings.warn(

../pyvenv/lib/python3.14/site-packages/_pytest/pathlib.py:95
  /Users/iv/Developer/ReluxWorks/curator-spec/.temp/TASK-260824-3ojxne/scratch/pyvenv/lib/python3.14/site-packages/_pytest/pathlib.py:95: PytestWarning: (rm_rf) error removing /private/var/folders/cz/jqbthtks55zbkpcdkfyk4bl80000gp/T/pytest-of-iv/garbage-b9d30bf1-d1c0-4f95-af92-b338967b397d
  <class 'OSError'>: [Errno 66] Directory not empty: '/private/var/folders/cz/jqbthtks55zbkpcdkfyk4bl80000gp/T/pytest-of-iv/garbage-b9d30bf1-d1c0-4f95-af92-b338967b397d'
    warnings.warn(

../pyvenv/lib/python3.14/site-packages/_pytest/pathlib.py:95
  /Users/iv/Developer/ReluxWorks/curator-spec/.temp/TASK-260824-3ojxne/scratch/pyvenv/lib/python3.14/site-packages/_pytest/pathlib.py:95: PytestWarning: (rm_rf) error removing /private/var/folders/cz/jqbthtks55zbkpcdkfyk4bl80000gp/T/pytest-of-iv/garbage-26f10cdc-7e3a-425b-835c-0787285d71ef/test_rc6_toolchain_case_toolch0/toolchain-mode-1/pkg
  <class 'OSError'>: [Errno 66] Directory not empty: '/private/var/folders/cz/jqbthtks55zbkpcdkfyk4bl80000gp/T/pytest-of-iv/garbage-26f10cdc-7e3a-425b-835c-0787285d71ef/test_rc6_toolchain_case_toolch0/toolchain-mode-1/pkg'
    warnings.warn(

../pyvenv/lib/python3.14/site-packages/_pytest/pathlib.py:95
  /Users/iv/Developer/ReluxWorks/curator-spec/.temp/TASK-260824-3ojxne/scratch/pyvenv/lib/python3.14/site-packages/_pytest/pathlib.py:95: PytestWarning: (rm_rf) error removing /private/var/folders/cz/jqbthtks55zbkpcdkfyk4bl80000gp/T/pytest-of-iv/garbage-26f10cdc-7e3a-425b-835c-0787285d71ef/test_rc6_toolchain_case_toolch0/toolchain-mode-1
  <class 'OSError'>: [Errno 66] Directory not empty: '/private/var/folders/cz/jqbthtks55zbkpcdkfyk4bl80000gp/T/pytest-of-iv/garbage-26f10cdc-7e3a-425b-835c-0787285d71ef/test_rc6_toolchain_case_toolch0/toolchain-mode-1'
    warnings.warn(

../pyvenv/lib/python3.14/site-packages/_pytest/pathlib.py:95
  /Users/iv/Developer/ReluxWorks/curator-spec/.temp/TASK-260824-3ojxne/scratch/pyvenv/lib/python3.14/site-packages/_pytest/pathlib.py:95: PytestWarning: (rm_rf) error removing /private/var/folders/cz/jqbthtks55zbkpcdkfyk4bl80000gp/T/pytest-of-iv/garbage-26f10cdc-7e3a-425b-835c-0787285d71ef/test_rc6_toolchain_case_toolch0
  <class 'OSError'>: [Errno 66] Directory not empty: '/private/var/folders/cz/jqbthtks55zbkpcdkfyk4bl80000gp/T/pytest-of-iv/garbage-26f10cdc-7e3a-425b-835c-0787285d71ef/test_rc6_toolchain_case_toolch0'
    warnings.warn(

../pyvenv/lib/python3.14/site-packages/_pytest/pathlib.py:95
  /Users/iv/Developer/ReluxWorks/curator-spec/.temp/TASK-260824-3ojxne/scratch/pyvenv/lib/python3.14/site-packages/_pytest/pathlib.py:95: PytestWarning: (rm_rf) error removing /private/var/folders/cz/jqbthtks55zbkpcdkfyk4bl80000gp/T/pytest-of-iv/garbage-26f10cdc-7e3a-425b-835c-0787285d71ef
  <class 'OSError'>: [Errno 66] Directory not empty: '/private/var/folders/cz/jqbthtks55zbkpcdkfyk4bl80000gp/T/pytest-of-iv/garbage-26f10cdc-7e3a-425b-835c-0787285d71ef'
    warnings.warn(

../pyvenv/lib/python3.14/site-packages/_pytest/pathlib.py:95
  /Users/iv/Developer/ReluxWorks/curator-spec/.temp/TASK-260824-3ojxne/scratch/pyvenv/lib/python3.14/site-packages/_pytest/pathlib.py:95: PytestWarning: (rm_rf) error removing /private/var/folders/cz/jqbthtks55zbkpcdkfyk4bl80000gp/T/pytest-of-iv/garbage-62fb96d5-2fcc-4236-ab95-692a429502a9/test_rc6_toolchain_case_toolch0/toolchain-mode-1/pkg
  <class 'OSError'>: [Errno 66] Directory not empty: '/private/var/folders/cz/jqbthtks55zbkpcdkfyk4bl80000gp/T/pytest-of-iv/garbage-62fb96d5-2fcc-4236-ab95-692a429502a9/test_rc6_toolchain_case_toolch0/toolchain-mode-1/pkg'
    warnings.warn(

../pyvenv/lib/python3.14/site-packages/_pytest/pathlib.py:95
  /Users/iv/Developer/ReluxWorks/curator-spec/.temp/TASK-260824-3ojxne/scratch/pyvenv/lib/python3.14/site-packages/_pytest/pathlib.py:95: PytestWarning: (rm_rf) error removing /private/var/folders/cz/jqbthtks55zbkpcdkfyk4bl80000gp/T/pytest-of-iv/garbage-62fb96d5-2fcc-4236-ab95-692a429502a9/test_rc6_toolchain_case_toolch0/toolchain-mode-1
  <class 'OSError'>: [Errno 66] Directory not empty: '/private/var/folders/cz/jqbthtks55zbkpcdkfyk4bl80000gp/T/pytest-of-iv/garbage-62fb96d5-2fcc-4236-ab95-692a429502a9/test_rc6_toolchain_case_toolch0/toolchain-mode-1'
    warnings.warn(

../pyvenv/lib/python3.14/site-packages/_pytest/pathlib.py:95
  /Users/iv/Developer/ReluxWorks/curator-spec/.temp/TASK-260824-3ojxne/scratch/pyvenv/lib/python3.14/site-packages/_pytest/pathlib.py:95: PytestWarning: (rm_rf) error removing /private/var/folders/cz/jqbthtks55zbkpcdkfyk4bl80000gp/T/pytest-of-iv/garbage-62fb96d5-2fcc-4236-ab95-692a429502a9/test_rc6_toolchain_case_toolch0
  <class 'OSError'>: [Errno 66] Directory not empty: '/private/var/folders/cz/jqbthtks55zbkpcdkfyk4bl80000gp/T/pytest-of-iv/garbage-62fb96d5-2fcc-4236-ab95-692a429502a9/test_rc6_toolchain_case_toolch0'
    warnings.warn(

../pyvenv/lib/python3.14/site-packages/_pytest/pathlib.py:95
  /Users/iv/Developer/ReluxWorks/curator-spec/.temp/TASK-260824-3ojxne/scratch/pyvenv/lib/python3.14/site-packages/_pytest/pathlib.py:95: PytestWarning: (rm_rf) error removing /private/var/folders/cz/jqbthtks55zbkpcdkfyk4bl80000gp/T/pytest-of-iv/garbage-62fb96d5-2fcc-4236-ab95-692a429502a9
  <class 'OSError'>: [Errno 66] Directory not empty: '/private/var/folders/cz/jqbthtks55zbkpcdkfyk4bl80000gp/T/pytest-of-iv/garbage-62fb96d5-2fcc-4236-ab95-692a429502a9'
    warnings.warn(

../pyvenv/lib/python3.14/site-packages/_pytest/pathlib.py:95
  /Users/iv/Developer/ReluxWorks/curator-spec/.temp/TASK-260824-3ojxne/scratch/pyvenv/lib/python3.14/site-packages/_pytest/pathlib.py:95: PytestWarning: (rm_rf) error removing /private/var/folders/cz/jqbthtks55zbkpcdkfyk4bl80000gp/T/pytest-of-iv/garbage-9e967a05-504e-48ec-8039-278c9046c992/test_rc6_toolchain_case_toolch0/toolchain-mode-1/pkg
  <class 'OSError'>: [Errno 66] Directory not empty: '/private/var/folders/cz/jqbthtks55zbkpcdkfyk4bl80000gp/T/pytest-of-iv/garbage-9e967a05-504e-48ec-8039-278c9046c992/test_rc6_toolchain_case_toolch0/toolchain-mode-1/pkg'
    warnings.warn(

../pyvenv/lib/python3.14/site-packages/_pytest/pathlib.py:95
  /Users/iv/Developer/ReluxWorks/curator-spec/.temp/TASK-260824-3ojxne/scratch/pyvenv/lib/python3.14/site-packages/_pytest/pathlib.py:95: PytestWarning: (rm_rf) error removing /private/var/folders/cz/jqbthtks55zbkpcdkfyk4bl80000gp/T/pytest-of-iv/garbage-9e967a05-504e-48ec-8039-278c9046c992/test_rc6_toolchain_case_toolch0/toolchain-mode-1
  <class 'OSError'>: [Errno 66] Directory not empty: '/private/var/folders/cz/jqbthtks55zbkpcdkfyk4bl80000gp/T/pytest-of-iv/garbage-9e967a05-504e-48ec-8039-278c9046c992/test_rc6_toolchain_case_toolch0/toolchain-mode-1'
    warnings.warn(

../pyvenv/lib/python3.14/site-packages/_pytest/pathlib.py:95
  /Users/iv/Developer/ReluxWorks/curator-spec/.temp/TASK-260824-3ojxne/scratch/pyvenv/lib/python3.14/site-packages/_pytest/pathlib.py:95: PytestWarning: (rm_rf) error removing /private/var/folders/cz/jqbthtks55zbkpcdkfyk4bl80000gp/T/pytest-of-iv/garbage-9e967a05-504e-48ec-8039-278c9046c992/test_rc6_toolchain_case_toolch0
  <class 'OSError'>: [Errno 66] Directory not empty: '/private/var/folders/cz/jqbthtks55zbkpcdkfyk4bl80000gp/T/pytest-of-iv/garbage-9e967a05-504e-48ec-8039-278c9046c992/test_rc6_toolchain_case_toolch0'
    warnings.warn(

../pyvenv/lib/python3.14/site-packages/_pytest/pathlib.py:95
  /Users/iv/Developer/ReluxWorks/curator-spec/.temp/TASK-260824-3ojxne/scratch/pyvenv/lib/python3.14/site-packages/_pytest/pathlib.py:95: PytestWarning: (rm_rf) error removing /private/var/folders/cz/jqbthtks55zbkpcdkfyk4bl80000gp/T/pytest-of-iv/garbage-9e967a05-504e-48ec-8039-278c9046c992
  <class 'OSError'>: [Errno 66] Directory not empty: '/private/var/folders/cz/jqbthtks55zbkpcdkfyk4bl80000gp/T/pytest-of-iv/garbage-9e967a05-504e-48ec-8039-278c9046c992'
    warnings.warn(

-- Docs: https://docs.pytest.org/en/stable/how-to/capture-warnings.html
80 passed, 29 warnings in 0.81s
