........................................................................ [ 39%]
........................................................................ [ 78%]
.......................................                                  [100%]
=============================== warnings summary ===============================
../pyvenv/lib/python3.14/site-packages/_pytest/pathlib.py:95
  /Users/iv/Developer/ReluxWorks/curator-spec/.temp/TASK-260824-3ojxne/scratch/pyvenv/lib/python3.14/site-packages/_pytest/pathlib.py:95: PytestWarning: (rm_rf) error removing /private/var/folders/cz/jqbthtks55zbkpcdkfyk4bl80000gp/T/pytest-of-iv/garbage-4f79be02-ce87-43fc-b52a-4c81dd14697d/test_rc6_toolchain_case_toolch0/toolchain-mode-1/pkg
  <class 'OSError'>: [Errno 66] Directory not empty: '/private/var/folders/cz/jqbthtks55zbkpcdkfyk4bl80000gp/T/pytest-of-iv/garbage-4f79be02-ce87-43fc-b52a-4c81dd14697d/test_rc6_toolchain_case_toolch0/toolchain-mode-1/pkg'
    warnings.warn(

../pyvenv/lib/python3.14/site-packages/_pytest/pathlib.py:95
  /Users/iv/Developer/ReluxWorks/curator-spec/.temp/TASK-260824-3ojxne/scratch/pyvenv/lib/python3.14/site-packages/_pytest/pathlib.py:95: PytestWarning: (rm_rf) error removing /private/var/folders/cz/jqbthtks55zbkpcdkfyk4bl80000gp/T/pytest-of-iv/garbage-4f79be02-ce87-43fc-b52a-4c81dd14697d/test_rc6_toolchain_case_toolch0/toolchain-mode-1
  <class 'OSError'>: [Errno 66] Directory not empty: '/private/var/folders/cz/jqbthtks55zbkpcdkfyk4bl80000gp/T/pytest-of-iv/garbage-4f79be02-ce87-43fc-b52a-4c81dd14697d/test_rc6_toolchain_case_toolch0/toolchain-mode-1'
    warnings.warn(

../pyvenv/lib/python3.14/site-packages/_pytest/pathlib.py:95
  /Users/iv/Developer/ReluxWorks/curator-spec/.temp/TASK-260824-3ojxne/scratch/pyvenv/lib/python3.14/site-packages/_pytest/pathlib.py:95: PytestWarning: (rm_rf) error removing /private/var/folders/cz/jqbthtks55zbkpcdkfyk4bl80000gp/T/pytest-of-iv/garbage-4f79be02-ce87-43fc-b52a-4c81dd14697d/test_rc6_toolchain_case_toolch0
  <class 'OSError'>: [Errno 66] Directory not empty: '/private/var/folders/cz/jqbthtks55zbkpcdkfyk4bl80000gp/T/pytest-of-iv/garbage-4f79be02-ce87-43fc-b52a-4c81dd14697d/test_rc6_toolchain_case_toolch0'
    warnings.warn(

../pyvenv/lib/python3.14/site-packages/_pytest/pathlib.py:95
  /Users/iv/Developer/ReluxWorks/curator-spec/.temp/TASK-260824-3ojxne/scratch/pyvenv/lib/python3.14/site-packages/_pytest/pathlib.py:95: PytestWarning: (rm_rf) error removing /private/var/folders/cz/jqbthtks55zbkpcdkfyk4bl80000gp/T/pytest-of-iv/garbage-4f79be02-ce87-43fc-b52a-4c81dd14697d
  <class 'OSError'>: [Errno 66] Directory not empty: '/private/var/folders/cz/jqbthtks55zbkpcdkfyk4bl80000gp/T/pytest-of-iv/garbage-4f79be02-ce87-43fc-b52a-4c81dd14697d'
    warnings.warn(

../pyvenv/lib/python3.14/site-packages/_pytest/pathlib.py:95
  /Users/iv/Developer/ReluxWorks/curator-spec/.temp/TASK-260824-3ojxne/scratch/pyvenv/lib/python3.14/site-packages/_pytest/pathlib.py:95: PytestWarning: (rm_rf) error removing /private/var/folders/cz/jqbthtks55zbkpcdkfyk4bl80000gp/T/pytest-of-iv/garbage-ca267c49-2573-47d6-a295-85b4ba76686b/test_rc6_toolchain_case_toolch0/toolchain-mode-1/pkg
  <class 'OSError'>: [Errno 66] Directory not empty: '/private/var/folders/cz/jqbthtks55zbkpcdkfyk4bl80000gp/T/pytest-of-iv/garbage-ca267c49-2573-47d6-a295-85b4ba76686b/test_rc6_toolchain_case_toolch0/toolchain-mode-1/pkg'
    warnings.warn(

../pyvenv/lib/python3.14/site-packages/_pytest/pathlib.py:95
  /Users/iv/Developer/ReluxWorks/curator-spec/.temp/TASK-260824-3ojxne/scratch/pyvenv/lib/python3.14/site-packages/_pytest/pathlib.py:95: PytestWarning: (rm_rf) error removing /private/var/folders/cz/jqbthtks55zbkpcdkfyk4bl80000gp/T/pytest-of-iv/garbage-ca267c49-2573-47d6-a295-85b4ba76686b/test_rc6_toolchain_case_toolch0/toolchain-mode-1
  <class 'OSError'>: [Errno 66] Directory not empty: '/private/var/folders/cz/jqbthtks55zbkpcdkfyk4bl80000gp/T/pytest-of-iv/garbage-ca267c49-2573-47d6-a295-85b4ba76686b/test_rc6_toolchain_case_toolch0/toolchain-mode-1'
    warnings.warn(

../pyvenv/lib/python3.14/site-packages/_pytest/pathlib.py:95
  /Users/iv/Developer/ReluxWorks/curator-spec/.temp/TASK-260824-3ojxne/scratch/pyvenv/lib/python3.14/site-packages/_pytest/pathlib.py:95: PytestWarning: (rm_rf) error removing /private/var/folders/cz/jqbthtks55zbkpcdkfyk4bl80000gp/T/pytest-of-iv/garbage-ca267c49-2573-47d6-a295-85b4ba76686b/test_rc6_toolchain_case_toolch0
  <class 'OSError'>: [Errno 66] Directory not empty: '/private/var/folders/cz/jqbthtks55zbkpcdkfyk4bl80000gp/T/pytest-of-iv/garbage-ca267c49-2573-47d6-a295-85b4ba76686b/test_rc6_toolchain_case_toolch0'
    warnings.warn(

../pyvenv/lib/python3.14/site-packages/_pytest/pathlib.py:95
  /Users/iv/Developer/ReluxWorks/curator-spec/.temp/TASK-260824-3ojxne/scratch/pyvenv/lib/python3.14/site-packages/_pytest/pathlib.py:95: PytestWarning: (rm_rf) error removing /private/var/folders/cz/jqbthtks55zbkpcdkfyk4bl80000gp/T/pytest-of-iv/garbage-ca267c49-2573-47d6-a295-85b4ba76686b
  <class 'OSError'>: [Errno 66] Directory not empty: '/private/var/folders/cz/jqbthtks55zbkpcdkfyk4bl80000gp/T/pytest-of-iv/garbage-ca267c49-2573-47d6-a295-85b4ba76686b'
    warnings.warn(

../pyvenv/lib/python3.14/site-packages/_pytest/pathlib.py:95
  /Users/iv/Developer/ReluxWorks/curator-spec/.temp/TASK-260824-3ojxne/scratch/pyvenv/lib/python3.14/site-packages/_pytest/pathlib.py:95: PytestWarning: (rm_rf) error removing /private/var/folders/cz/jqbthtks55zbkpcdkfyk4bl80000gp/T/pytest-of-iv/garbage-670ed46a-8dc5-452b-9172-353dfe6b7259/test_rc6_toolchain_case_toolch0/toolchain-mode-1/pkg
  <class 'OSError'>: [Errno 66] Directory not empty: '/private/var/folders/cz/jqbthtks55zbkpcdkfyk4bl80000gp/T/pytest-of-iv/garbage-670ed46a-8dc5-452b-9172-353dfe6b7259/test_rc6_toolchain_case_toolch0/toolchain-mode-1/pkg'
    warnings.warn(

../pyvenv/lib/python3.14/site-packages/_pytest/pathlib.py:95
  /Users/iv/Developer/ReluxWorks/curator-spec/.temp/TASK-260824-3ojxne/scratch/pyvenv/lib/python3.14/site-packages/_pytest/pathlib.py:95: PytestWarning: (rm_rf) error removing /private/var/folders/cz/jqbthtks55zbkpcdkfyk4bl80000gp/T/pytest-of-iv/garbage-670ed46a-8dc5-452b-9172-353dfe6b7259/test_rc6_toolchain_case_toolch0/toolchain-mode-1
  <class 'OSError'>: [Errno 66] Directory not empty: '/private/var/folders/cz/jqbthtks55zbkpcdkfyk4bl80000gp/T/pytest-of-iv/garbage-670ed46a-8dc5-452b-9172-353dfe6b7259/test_rc6_toolchain_case_toolch0/toolchain-mode-1'
    warnings.warn(

../pyvenv/lib/python3.14/site-packages/_pytest/pathlib.py:95
  /Users/iv/Developer/ReluxWorks/curator-spec/.temp/TASK-260824-3ojxne/scratch/pyvenv/lib/python3.14/site-packages/_pytest/pathlib.py:95: PytestWarning: (rm_rf) error removing /private/var/folders/cz/jqbthtks55zbkpcdkfyk4bl80000gp/T/pytest-of-iv/garbage-670ed46a-8dc5-452b-9172-353dfe6b7259/test_rc6_toolchain_case_toolch0
  <class 'OSError'>: [Errno 66] Directory not empty: '/private/var/folders/cz/jqbthtks55zbkpcdkfyk4bl80000gp/T/pytest-of-iv/garbage-670ed46a-8dc5-452b-9172-353dfe6b7259/test_rc6_toolchain_case_toolch0'
    warnings.warn(

../pyvenv/lib/python3.14/site-packages/_pytest/pathlib.py:95
  /Users/iv/Developer/ReluxWorks/curator-spec/.temp/TASK-260824-3ojxne/scratch/pyvenv/lib/python3.14/site-packages/_pytest/pathlib.py:95: PytestWarning: (rm_rf) error removing /private/var/folders/cz/jqbthtks55zbkpcdkfyk4bl80000gp/T/pytest-of-iv/garbage-670ed46a-8dc5-452b-9172-353dfe6b7259
  <class 'OSError'>: [Errno 66] Directory not empty: '/private/var/folders/cz/jqbthtks55zbkpcdkfyk4bl80000gp/T/pytest-of-iv/garbage-670ed46a-8dc5-452b-9172-353dfe6b7259'
    warnings.warn(

../pyvenv/lib/python3.14/site-packages/_pytest/pathlib.py:95
  /Users/iv/Developer/ReluxWorks/curator-spec/.temp/TASK-260824-3ojxne/scratch/pyvenv/lib/python3.14/site-packages/_pytest/pathlib.py:95: PytestWarning: (rm_rf) error removing /private/var/folders/cz/jqbthtks55zbkpcdkfyk4bl80000gp/T/pytest-of-iv/garbage-21c95f21-c240-4b5e-935c-6384ebd3ff6a/test_rc6_toolchain_case_toolch0/toolchain-mode-1/pkg
  <class 'OSError'>: [Errno 66] Directory not empty: '/private/var/folders/cz/jqbthtks55zbkpcdkfyk4bl80000gp/T/pytest-of-iv/garbage-21c95f21-c240-4b5e-935c-6384ebd3ff6a/test_rc6_toolchain_case_toolch0/toolchain-mode-1/pkg'
    warnings.warn(

../pyvenv/lib/python3.14/site-packages/_pytest/pathlib.py:95
  /Users/iv/Developer/ReluxWorks/curator-spec/.temp/TASK-260824-3ojxne/scratch/pyvenv/lib/python3.14/site-packages/_pytest/pathlib.py:95: PytestWarning: (rm_rf) error removing /private/var/folders/cz/jqbthtks55zbkpcdkfyk4bl80000gp/T/pytest-of-iv/garbage-21c95f21-c240-4b5e-935c-6384ebd3ff6a/test_rc6_toolchain_case_toolch0/toolchain-mode-1
  <class 'OSError'>: [Errno 66] Directory not empty: '/private/var/folders/cz/jqbthtks55zbkpcdkfyk4bl80000gp/T/pytest-of-iv/garbage-21c95f21-c240-4b5e-935c-6384ebd3ff6a/test_rc6_toolchain_case_toolch0/toolchain-mode-1'
    warnings.warn(

../pyvenv/lib/python3.14/site-packages/_pytest/pathlib.py:95
  /Users/iv/Developer/ReluxWorks/curator-spec/.temp/TASK-260824-3ojxne/scratch/pyvenv/lib/python3.14/site-packages/_pytest/pathlib.py:95: PytestWarning: (rm_rf) error removing /private/var/folders/cz/jqbthtks55zbkpcdkfyk4bl80000gp/T/pytest-of-iv/garbage-21c95f21-c240-4b5e-935c-6384ebd3ff6a/test_rc6_toolchain_case_toolch0
  <class 'OSError'>: [Errno 66] Directory not empty: '/private/var/folders/cz/jqbthtks55zbkpcdkfyk4bl80000gp/T/pytest-of-iv/garbage-21c95f21-c240-4b5e-935c-6384ebd3ff6a/test_rc6_toolchain_case_toolch0'
    warnings.warn(

../pyvenv/lib/python3.14/site-packages/_pytest/pathlib.py:95
  /Users/iv/Developer/ReluxWorks/curator-spec/.temp/TASK-260824-3ojxne/scratch/pyvenv/lib/python3.14/site-packages/_pytest/pathlib.py:95: PytestWarning: (rm_rf) error removing /private/var/folders/cz/jqbthtks55zbkpcdkfyk4bl80000gp/T/pytest-of-iv/garbage-21c95f21-c240-4b5e-935c-6384ebd3ff6a
  <class 'OSError'>: [Errno 66] Directory not empty: '/private/var/folders/cz/jqbthtks55zbkpcdkfyk4bl80000gp/T/pytest-of-iv/garbage-21c95f21-c240-4b5e-935c-6384ebd3ff6a'
    warnings.warn(

../pyvenv/lib/python3.14/site-packages/_pytest/pathlib.py:95
  /Users/iv/Developer/ReluxWorks/curator-spec/.temp/TASK-260824-3ojxne/scratch/pyvenv/lib/python3.14/site-packages/_pytest/pathlib.py:95: PytestWarning: (rm_rf) error removing /private/var/folders/cz/jqbthtks55zbkpcdkfyk4bl80000gp/T/pytest-of-iv/garbage-86fa33d5-110d-4352-9509-1c9fb630269b/test_rc6_toolchain_case_toolch0/toolchain-mode-1/pkg
  <class 'OSError'>: [Errno 66] Directory not empty: '/private/var/folders/cz/jqbthtks55zbkpcdkfyk4bl80000gp/T/pytest-of-iv/garbage-86fa33d5-110d-4352-9509-1c9fb630269b/test_rc6_toolchain_case_toolch0/toolchain-mode-1/pkg'
    warnings.warn(

../pyvenv/lib/python3.14/site-packages/_pytest/pathlib.py:95
  /Users/iv/Developer/ReluxWorks/curator-spec/.temp/TASK-260824-3ojxne/scratch/pyvenv/lib/python3.14/site-packages/_pytest/pathlib.py:95: PytestWarning: (rm_rf) error removing /private/var/folders/cz/jqbthtks55zbkpcdkfyk4bl80000gp/T/pytest-of-iv/garbage-86fa33d5-110d-4352-9509-1c9fb630269b/test_rc6_toolchain_case_toolch0/toolchain-mode-1
  <class 'OSError'>: [Errno 66] Directory not empty: '/private/var/folders/cz/jqbthtks55zbkpcdkfyk4bl80000gp/T/pytest-of-iv/garbage-86fa33d5-110d-4352-9509-1c9fb630269b/test_rc6_toolchain_case_toolch0/toolchain-mode-1'
    warnings.warn(

../pyvenv/lib/python3.14/site-packages/_pytest/pathlib.py:95
  /Users/iv/Developer/ReluxWorks/curator-spec/.temp/TASK-260824-3ojxne/scratch/pyvenv/lib/python3.14/site-packages/_pytest/pathlib.py:95: PytestWarning: (rm_rf) error removing /private/var/folders/cz/jqbthtks55zbkpcdkfyk4bl80000gp/T/pytest-of-iv/garbage-86fa33d5-110d-4352-9509-1c9fb630269b/test_rc6_toolchain_case_toolch0
  <class 'OSError'>: [Errno 66] Directory not empty: '/private/var/folders/cz/jqbthtks55zbkpcdkfyk4bl80000gp/T/pytest-of-iv/garbage-86fa33d5-110d-4352-9509-1c9fb630269b/test_rc6_toolchain_case_toolch0'
    warnings.warn(

../pyvenv/lib/python3.14/site-packages/_pytest/pathlib.py:95
  /Users/iv/Developer/ReluxWorks/curator-spec/.temp/TASK-260824-3ojxne/scratch/pyvenv/lib/python3.14/site-packages/_pytest/pathlib.py:95: PytestWarning: (rm_rf) error removing /private/var/folders/cz/jqbthtks55zbkpcdkfyk4bl80000gp/T/pytest-of-iv/garbage-86fa33d5-110d-4352-9509-1c9fb630269b
  <class 'OSError'>: [Errno 66] Directory not empty: '/private/var/folders/cz/jqbthtks55zbkpcdkfyk4bl80000gp/T/pytest-of-iv/garbage-86fa33d5-110d-4352-9509-1c9fb630269b'
    warnings.warn(

../pyvenv/lib/python3.14/site-packages/_pytest/pathlib.py:95
  /Users/iv/Developer/ReluxWorks/curator-spec/.temp/TASK-260824-3ojxne/scratch/pyvenv/lib/python3.14/site-packages/_pytest/pathlib.py:95: PytestWarning: (rm_rf) error removing /private/var/folders/cz/jqbthtks55zbkpcdkfyk4bl80000gp/T/pytest-of-iv/garbage-4db974c0-d5bf-4d7d-a4e8-3974db31a941/test_rc6_toolchain_case_toolch0/toolchain-mode-1/pkg
  <class 'OSError'>: [Errno 66] Directory not empty: '/private/var/folders/cz/jqbthtks55zbkpcdkfyk4bl80000gp/T/pytest-of-iv/garbage-4db974c0-d5bf-4d7d-a4e8-3974db31a941/test_rc6_toolchain_case_toolch0/toolchain-mode-1/pkg'
    warnings.warn(

../pyvenv/lib/python3.14/site-packages/_pytest/pathlib.py:95
  /Users/iv/Developer/ReluxWorks/curator-spec/.temp/TASK-260824-3ojxne/scratch/pyvenv/lib/python3.14/site-packages/_pytest/pathlib.py:95: PytestWarning: (rm_rf) error removing /private/var/folders/cz/jqbthtks55zbkpcdkfyk4bl80000gp/T/pytest-of-iv/garbage-4db974c0-d5bf-4d7d-a4e8-3974db31a941/test_rc6_toolchain_case_toolch0/toolchain-mode-1
  <class 'OSError'>: [Errno 66] Directory not empty: '/private/var/folders/cz/jqbthtks55zbkpcdkfyk4bl80000gp/T/pytest-of-iv/garbage-4db974c0-d5bf-4d7d-a4e8-3974db31a941/test_rc6_toolchain_case_toolch0/toolchain-mode-1'
    warnings.warn(

../pyvenv/lib/python3.14/site-packages/_pytest/pathlib.py:95
  /Users/iv/Developer/ReluxWorks/curator-spec/.temp/TASK-260824-3ojxne/scratch/pyvenv/lib/python3.14/site-packages/_pytest/pathlib.py:95: PytestWarning: (rm_rf) error removing /private/var/folders/cz/jqbthtks55zbkpcdkfyk4bl80000gp/T/pytest-of-iv/garbage-4db974c0-d5bf-4d7d-a4e8-3974db31a941/test_rc6_toolchain_case_toolch0
  <class 'OSError'>: [Errno 66] Directory not empty: '/private/var/folders/cz/jqbthtks55zbkpcdkfyk4bl80000gp/T/pytest-of-iv/garbage-4db974c0-d5bf-4d7d-a4e8-3974db31a941/test_rc6_toolchain_case_toolch0'
    warnings.warn(

../pyvenv/lib/python3.14/site-packages/_pytest/pathlib.py:95
  /Users/iv/Developer/ReluxWorks/curator-spec/.temp/TASK-260824-3ojxne/scratch/pyvenv/lib/python3.14/site-packages/_pytest/pathlib.py:95: PytestWarning: (rm_rf) error removing /private/var/folders/cz/jqbthtks55zbkpcdkfyk4bl80000gp/T/pytest-of-iv/garbage-4db974c0-d5bf-4d7d-a4e8-3974db31a941
  <class 'OSError'>: [Errno 66] Directory not empty: '/private/var/folders/cz/jqbthtks55zbkpcdkfyk4bl80000gp/T/pytest-of-iv/garbage-4db974c0-d5bf-4d7d-a4e8-3974db31a941'
    warnings.warn(

../pyvenv/lib/python3.14/site-packages/_pytest/pathlib.py:95
  /Users/iv/Developer/ReluxWorks/curator-spec/.temp/TASK-260824-3ojxne/scratch/pyvenv/lib/python3.14/site-packages/_pytest/pathlib.py:95: PytestWarning: (rm_rf) error removing /private/var/folders/cz/jqbthtks55zbkpcdkfyk4bl80000gp/T/pytest-of-iv/garbage-4376d2e7-2fb0-4c4c-af83-0827686c4c4a/test_rc6_toolchain_case_toolch0/toolchain-mode-1/pkg
  <class 'OSError'>: [Errno 66] Directory not empty: '/private/var/folders/cz/jqbthtks55zbkpcdkfyk4bl80000gp/T/pytest-of-iv/garbage-4376d2e7-2fb0-4c4c-af83-0827686c4c4a/test_rc6_toolchain_case_toolch0/toolchain-mode-1/pkg'
    warnings.warn(

../pyvenv/lib/python3.14/site-packages/_pytest/pathlib.py:95
  /Users/iv/Developer/ReluxWorks/curator-spec/.temp/TASK-260824-3ojxne/scratch/pyvenv/lib/python3.14/site-packages/_pytest/pathlib.py:95: PytestWarning: (rm_rf) error removing /private/var/folders/cz/jqbthtks55zbkpcdkfyk4bl80000gp/T/pytest-of-iv/garbage-4376d2e7-2fb0-4c4c-af83-0827686c4c4a/test_rc6_toolchain_case_toolch0/toolchain-mode-1
  <class 'OSError'>: [Errno 66] Directory not empty: '/private/var/folders/cz/jqbthtks55zbkpcdkfyk4bl80000gp/T/pytest-of-iv/garbage-4376d2e7-2fb0-4c4c-af83-0827686c4c4a/test_rc6_toolchain_case_toolch0/toolchain-mode-1'
    warnings.warn(

../pyvenv/lib/python3.14/site-packages/_pytest/pathlib.py:95
  /Users/iv/Developer/ReluxWorks/curator-spec/.temp/TASK-260824-3ojxne/scratch/pyvenv/lib/python3.14/site-packages/_pytest/pathlib.py:95: PytestWarning: (rm_rf) error removing /private/var/folders/cz/jqbthtks55zbkpcdkfyk4bl80000gp/T/pytest-of-iv/garbage-4376d2e7-2fb0-4c4c-af83-0827686c4c4a/test_rc6_toolchain_case_toolch0
  <class 'OSError'>: [Errno 66] Directory not empty: '/private/var/folders/cz/jqbthtks55zbkpcdkfyk4bl80000gp/T/pytest-of-iv/garbage-4376d2e7-2fb0-4c4c-af83-0827686c4c4a/test_rc6_toolchain_case_toolch0'
    warnings.warn(

../pyvenv/lib/python3.14/site-packages/_pytest/pathlib.py:95
  /Users/iv/Developer/ReluxWorks/curator-spec/.temp/TASK-260824-3ojxne/scratch/pyvenv/lib/python3.14/site-packages/_pytest/pathlib.py:95: PytestWarning: (rm_rf) error removing /private/var/folders/cz/jqbthtks55zbkpcdkfyk4bl80000gp/T/pytest-of-iv/garbage-4376d2e7-2fb0-4c4c-af83-0827686c4c4a
  <class 'OSError'>: [Errno 66] Directory not empty: '/private/var/folders/cz/jqbthtks55zbkpcdkfyk4bl80000gp/T/pytest-of-iv/garbage-4376d2e7-2fb0-4c4c-af83-0827686c4c4a'
    warnings.warn(

-- Docs: https://docs.pytest.org/en/stable/how-to/capture-warnings.html
183 passed, 28 warnings in 0.36s
