........................................................................ [ 90%]
........                                                                 [100%]
=============================== warnings summary ===============================
../pyvenv/lib/python3.14/site-packages/fastapi/testclient.py:1
  /Users/iv/Developer/ReluxWorks/curator-spec/.temp/TASK-260824-3ojxne/scratch/pyvenv/lib/python3.14/site-packages/fastapi/testclient.py:1: StarletteDeprecationWarning: Using `httpx` with `starlette.testclient` is deprecated; install `httpx2` instead.
    from starlette.testclient import TestClient as TestClient  # noqa

../pyvenv/lib/python3.14/site-packages/_pytest/pathlib.py:95
  /Users/iv/Developer/ReluxWorks/curator-spec/.temp/TASK-260824-3ojxne/scratch/pyvenv/lib/python3.14/site-packages/_pytest/pathlib.py:95: PytestWarning: (rm_rf) error removing /private/var/folders/cz/jqbthtks55zbkpcdkfyk4bl80000gp/T/pytest-of-iv/garbage-b9a4d4da-4469-45e2-b120-57f1842100f2/test_rc6_toolchain_case_toolch0/toolchain-mode-1/pkg
  <class 'OSError'>: [Errno 66] Directory not empty: '/private/var/folders/cz/jqbthtks55zbkpcdkfyk4bl80000gp/T/pytest-of-iv/garbage-b9a4d4da-4469-45e2-b120-57f1842100f2/test_rc6_toolchain_case_toolch0/toolchain-mode-1/pkg'
    warnings.warn(

../pyvenv/lib/python3.14/site-packages/_pytest/pathlib.py:95
  /Users/iv/Developer/ReluxWorks/curator-spec/.temp/TASK-260824-3ojxne/scratch/pyvenv/lib/python3.14/site-packages/_pytest/pathlib.py:95: PytestWarning: (rm_rf) error removing /private/var/folders/cz/jqbthtks55zbkpcdkfyk4bl80000gp/T/pytest-of-iv/garbage-b9a4d4da-4469-45e2-b120-57f1842100f2/test_rc6_toolchain_case_toolch0/toolchain-mode-1
  <class 'OSError'>: [Errno 66] Directory not empty: '/private/var/folders/cz/jqbthtks55zbkpcdkfyk4bl80000gp/T/pytest-of-iv/garbage-b9a4d4da-4469-45e2-b120-57f1842100f2/test_rc6_toolchain_case_toolch0/toolchain-mode-1'
    warnings.warn(

../pyvenv/lib/python3.14/site-packages/_pytest/pathlib.py:95
  /Users/iv/Developer/ReluxWorks/curator-spec/.temp/TASK-260824-3ojxne/scratch/pyvenv/lib/python3.14/site-packages/_pytest/pathlib.py:95: PytestWarning: (rm_rf) error removing /private/var/folders/cz/jqbthtks55zbkpcdkfyk4bl80000gp/T/pytest-of-iv/garbage-b9a4d4da-4469-45e2-b120-57f1842100f2/test_rc6_toolchain_case_toolch0
  <class 'OSError'>: [Errno 66] Directory not empty: '/private/var/folders/cz/jqbthtks55zbkpcdkfyk4bl80000gp/T/pytest-of-iv/garbage-b9a4d4da-4469-45e2-b120-57f1842100f2/test_rc6_toolchain_case_toolch0'
    warnings.warn(

../pyvenv/lib/python3.14/site-packages/_pytest/pathlib.py:95
  /Users/iv/Developer/ReluxWorks/curator-spec/.temp/TASK-260824-3ojxne/scratch/pyvenv/lib/python3.14/site-packages/_pytest/pathlib.py:95: PytestWarning: (rm_rf) error removing /private/var/folders/cz/jqbthtks55zbkpcdkfyk4bl80000gp/T/pytest-of-iv/garbage-b9a4d4da-4469-45e2-b120-57f1842100f2
  <class 'OSError'>: [Errno 66] Directory not empty: '/private/var/folders/cz/jqbthtks55zbkpcdkfyk4bl80000gp/T/pytest-of-iv/garbage-b9a4d4da-4469-45e2-b120-57f1842100f2'
    warnings.warn(

../pyvenv/lib/python3.14/site-packages/_pytest/pathlib.py:95
  /Users/iv/Developer/ReluxWorks/curator-spec/.temp/TASK-260824-3ojxne/scratch/pyvenv/lib/python3.14/site-packages/_pytest/pathlib.py:95: PytestWarning: (rm_rf) error removing /private/var/folders/cz/jqbthtks55zbkpcdkfyk4bl80000gp/T/pytest-of-iv/garbage-1b153d37-64cf-446b-b555-fb7712b5168b/test_rc6_toolchain_case_toolch0/toolchain-mode-1/pkg
  <class 'OSError'>: [Errno 66] Directory not empty: '/private/var/folders/cz/jqbthtks55zbkpcdkfyk4bl80000gp/T/pytest-of-iv/garbage-1b153d37-64cf-446b-b555-fb7712b5168b/test_rc6_toolchain_case_toolch0/toolchain-mode-1/pkg'
    warnings.warn(

../pyvenv/lib/python3.14/site-packages/_pytest/pathlib.py:95
  /Users/iv/Developer/ReluxWorks/curator-spec/.temp/TASK-260824-3ojxne/scratch/pyvenv/lib/python3.14/site-packages/_pytest/pathlib.py:95: PytestWarning: (rm_rf) error removing /private/var/folders/cz/jqbthtks55zbkpcdkfyk4bl80000gp/T/pytest-of-iv/garbage-1b153d37-64cf-446b-b555-fb7712b5168b/test_rc6_toolchain_case_toolch0/toolchain-mode-1
  <class 'OSError'>: [Errno 66] Directory not empty: '/private/var/folders/cz/jqbthtks55zbkpcdkfyk4bl80000gp/T/pytest-of-iv/garbage-1b153d37-64cf-446b-b555-fb7712b5168b/test_rc6_toolchain_case_toolch0/toolchain-mode-1'
    warnings.warn(

../pyvenv/lib/python3.14/site-packages/_pytest/pathlib.py:95
  /Users/iv/Developer/ReluxWorks/curator-spec/.temp/TASK-260824-3ojxne/scratch/pyvenv/lib/python3.14/site-packages/_pytest/pathlib.py:95: PytestWarning: (rm_rf) error removing /private/var/folders/cz/jqbthtks55zbkpcdkfyk4bl80000gp/T/pytest-of-iv/garbage-1b153d37-64cf-446b-b555-fb7712b5168b/test_rc6_toolchain_case_toolch0
  <class 'OSError'>: [Errno 66] Directory not empty: '/private/var/folders/cz/jqbthtks55zbkpcdkfyk4bl80000gp/T/pytest-of-iv/garbage-1b153d37-64cf-446b-b555-fb7712b5168b/test_rc6_toolchain_case_toolch0'
    warnings.warn(

../pyvenv/lib/python3.14/site-packages/_pytest/pathlib.py:95
  /Users/iv/Developer/ReluxWorks/curator-spec/.temp/TASK-260824-3ojxne/scratch/pyvenv/lib/python3.14/site-packages/_pytest/pathlib.py:95: PytestWarning: (rm_rf) error removing /private/var/folders/cz/jqbthtks55zbkpcdkfyk4bl80000gp/T/pytest-of-iv/garbage-1b153d37-64cf-446b-b555-fb7712b5168b
  <class 'OSError'>: [Errno 66] Directory not empty: '/private/var/folders/cz/jqbthtks55zbkpcdkfyk4bl80000gp/T/pytest-of-iv/garbage-1b153d37-64cf-446b-b555-fb7712b5168b'
    warnings.warn(

../pyvenv/lib/python3.14/site-packages/_pytest/pathlib.py:95
  /Users/iv/Developer/ReluxWorks/curator-spec/.temp/TASK-260824-3ojxne/scratch/pyvenv/lib/python3.14/site-packages/_pytest/pathlib.py:95: PytestWarning: (rm_rf) error removing /private/var/folders/cz/jqbthtks55zbkpcdkfyk4bl80000gp/T/pytest-of-iv/garbage-79823658-c762-4ea5-84cc-0d88e4ebf08b/test_rc6_toolchain_case_toolch0/toolchain-mode-1/pkg
  <class 'OSError'>: [Errno 66] Directory not empty: '/private/var/folders/cz/jqbthtks55zbkpcdkfyk4bl80000gp/T/pytest-of-iv/garbage-79823658-c762-4ea5-84cc-0d88e4ebf08b/test_rc6_toolchain_case_toolch0/toolchain-mode-1/pkg'
    warnings.warn(

../pyvenv/lib/python3.14/site-packages/_pytest/pathlib.py:95
  /Users/iv/Developer/ReluxWorks/curator-spec/.temp/TASK-260824-3ojxne/scratch/pyvenv/lib/python3.14/site-packages/_pytest/pathlib.py:95: PytestWarning: (rm_rf) error removing /private/var/folders/cz/jqbthtks55zbkpcdkfyk4bl80000gp/T/pytest-of-iv/garbage-79823658-c762-4ea5-84cc-0d88e4ebf08b/test_rc6_toolchain_case_toolch0/toolchain-mode-1
  <class 'OSError'>: [Errno 66] Directory not empty: '/private/var/folders/cz/jqbthtks55zbkpcdkfyk4bl80000gp/T/pytest-of-iv/garbage-79823658-c762-4ea5-84cc-0d88e4ebf08b/test_rc6_toolchain_case_toolch0/toolchain-mode-1'
    warnings.warn(

../pyvenv/lib/python3.14/site-packages/_pytest/pathlib.py:95
  /Users/iv/Developer/ReluxWorks/curator-spec/.temp/TASK-260824-3ojxne/scratch/pyvenv/lib/python3.14/site-packages/_pytest/pathlib.py:95: PytestWarning: (rm_rf) error removing /private/var/folders/cz/jqbthtks55zbkpcdkfyk4bl80000gp/T/pytest-of-iv/garbage-79823658-c762-4ea5-84cc-0d88e4ebf08b/test_rc6_toolchain_case_toolch0
  <class 'OSError'>: [Errno 66] Directory not empty: '/private/var/folders/cz/jqbthtks55zbkpcdkfyk4bl80000gp/T/pytest-of-iv/garbage-79823658-c762-4ea5-84cc-0d88e4ebf08b/test_rc6_toolchain_case_toolch0'
    warnings.warn(

../pyvenv/lib/python3.14/site-packages/_pytest/pathlib.py:95
  /Users/iv/Developer/ReluxWorks/curator-spec/.temp/TASK-260824-3ojxne/scratch/pyvenv/lib/python3.14/site-packages/_pytest/pathlib.py:95: PytestWarning: (rm_rf) error removing /private/var/folders/cz/jqbthtks55zbkpcdkfyk4bl80000gp/T/pytest-of-iv/garbage-79823658-c762-4ea5-84cc-0d88e4ebf08b
  <class 'OSError'>: [Errno 66] Directory not empty: '/private/var/folders/cz/jqbthtks55zbkpcdkfyk4bl80000gp/T/pytest-of-iv/garbage-79823658-c762-4ea5-84cc-0d88e4ebf08b'
    warnings.warn(

../pyvenv/lib/python3.14/site-packages/_pytest/pathlib.py:95
  /Users/iv/Developer/ReluxWorks/curator-spec/.temp/TASK-260824-3ojxne/scratch/pyvenv/lib/python3.14/site-packages/_pytest/pathlib.py:95: PytestWarning: (rm_rf) error removing /private/var/folders/cz/jqbthtks55zbkpcdkfyk4bl80000gp/T/pytest-of-iv/garbage-77b177b0-0532-4108-9202-a33796113014/test_rc6_toolchain_case_toolch0/toolchain-mode-1/pkg
  <class 'OSError'>: [Errno 66] Directory not empty: '/private/var/folders/cz/jqbthtks55zbkpcdkfyk4bl80000gp/T/pytest-of-iv/garbage-77b177b0-0532-4108-9202-a33796113014/test_rc6_toolchain_case_toolch0/toolchain-mode-1/pkg'
    warnings.warn(

../pyvenv/lib/python3.14/site-packages/_pytest/pathlib.py:95
  /Users/iv/Developer/ReluxWorks/curator-spec/.temp/TASK-260824-3ojxne/scratch/pyvenv/lib/python3.14/site-packages/_pytest/pathlib.py:95: PytestWarning: (rm_rf) error removing /private/var/folders/cz/jqbthtks55zbkpcdkfyk4bl80000gp/T/pytest-of-iv/garbage-77b177b0-0532-4108-9202-a33796113014/test_rc6_toolchain_case_toolch0/toolchain-mode-1
  <class 'OSError'>: [Errno 66] Directory not empty: '/private/var/folders/cz/jqbthtks55zbkpcdkfyk4bl80000gp/T/pytest-of-iv/garbage-77b177b0-0532-4108-9202-a33796113014/test_rc6_toolchain_case_toolch0/toolchain-mode-1'
    warnings.warn(

../pyvenv/lib/python3.14/site-packages/_pytest/pathlib.py:95
  /Users/iv/Developer/ReluxWorks/curator-spec/.temp/TASK-260824-3ojxne/scratch/pyvenv/lib/python3.14/site-packages/_pytest/pathlib.py:95: PytestWarning: (rm_rf) error removing /private/var/folders/cz/jqbthtks55zbkpcdkfyk4bl80000gp/T/pytest-of-iv/garbage-77b177b0-0532-4108-9202-a33796113014/test_rc6_toolchain_case_toolch0
  <class 'OSError'>: [Errno 66] Directory not empty: '/private/var/folders/cz/jqbthtks55zbkpcdkfyk4bl80000gp/T/pytest-of-iv/garbage-77b177b0-0532-4108-9202-a33796113014/test_rc6_toolchain_case_toolch0'
    warnings.warn(

../pyvenv/lib/python3.14/site-packages/_pytest/pathlib.py:95
  /Users/iv/Developer/ReluxWorks/curator-spec/.temp/TASK-260824-3ojxne/scratch/pyvenv/lib/python3.14/site-packages/_pytest/pathlib.py:95: PytestWarning: (rm_rf) error removing /private/var/folders/cz/jqbthtks55zbkpcdkfyk4bl80000gp/T/pytest-of-iv/garbage-77b177b0-0532-4108-9202-a33796113014
  <class 'OSError'>: [Errno 66] Directory not empty: '/private/var/folders/cz/jqbthtks55zbkpcdkfyk4bl80000gp/T/pytest-of-iv/garbage-77b177b0-0532-4108-9202-a33796113014'
    warnings.warn(

../pyvenv/lib/python3.14/site-packages/_pytest/pathlib.py:95
  /Users/iv/Developer/ReluxWorks/curator-spec/.temp/TASK-260824-3ojxne/scratch/pyvenv/lib/python3.14/site-packages/_pytest/pathlib.py:95: PytestWarning: (rm_rf) error removing /private/var/folders/cz/jqbthtks55zbkpcdkfyk4bl80000gp/T/pytest-of-iv/garbage-e5ad64a3-d332-43c0-bd32-839766f9ab9c/test_rc6_toolchain_case_toolch0/toolchain-mode-1/pkg
  <class 'OSError'>: [Errno 66] Directory not empty: '/private/var/folders/cz/jqbthtks55zbkpcdkfyk4bl80000gp/T/pytest-of-iv/garbage-e5ad64a3-d332-43c0-bd32-839766f9ab9c/test_rc6_toolchain_case_toolch0/toolchain-mode-1/pkg'
    warnings.warn(

../pyvenv/lib/python3.14/site-packages/_pytest/pathlib.py:95
  /Users/iv/Developer/ReluxWorks/curator-spec/.temp/TASK-260824-3ojxne/scratch/pyvenv/lib/python3.14/site-packages/_pytest/pathlib.py:95: PytestWarning: (rm_rf) error removing /private/var/folders/cz/jqbthtks55zbkpcdkfyk4bl80000gp/T/pytest-of-iv/garbage-e5ad64a3-d332-43c0-bd32-839766f9ab9c/test_rc6_toolchain_case_toolch0/toolchain-mode-1
  <class 'OSError'>: [Errno 66] Directory not empty: '/private/var/folders/cz/jqbthtks55zbkpcdkfyk4bl80000gp/T/pytest-of-iv/garbage-e5ad64a3-d332-43c0-bd32-839766f9ab9c/test_rc6_toolchain_case_toolch0/toolchain-mode-1'
    warnings.warn(

../pyvenv/lib/python3.14/site-packages/_pytest/pathlib.py:95
  /Users/iv/Developer/ReluxWorks/curator-spec/.temp/TASK-260824-3ojxne/scratch/pyvenv/lib/python3.14/site-packages/_pytest/pathlib.py:95: PytestWarning: (rm_rf) error removing /private/var/folders/cz/jqbthtks55zbkpcdkfyk4bl80000gp/T/pytest-of-iv/garbage-e5ad64a3-d332-43c0-bd32-839766f9ab9c/test_rc6_toolchain_case_toolch0
  <class 'OSError'>: [Errno 66] Directory not empty: '/private/var/folders/cz/jqbthtks55zbkpcdkfyk4bl80000gp/T/pytest-of-iv/garbage-e5ad64a3-d332-43c0-bd32-839766f9ab9c/test_rc6_toolchain_case_toolch0'
    warnings.warn(

../pyvenv/lib/python3.14/site-packages/_pytest/pathlib.py:95
  /Users/iv/Developer/ReluxWorks/curator-spec/.temp/TASK-260824-3ojxne/scratch/pyvenv/lib/python3.14/site-packages/_pytest/pathlib.py:95: PytestWarning: (rm_rf) error removing /private/var/folders/cz/jqbthtks55zbkpcdkfyk4bl80000gp/T/pytest-of-iv/garbage-e5ad64a3-d332-43c0-bd32-839766f9ab9c
  <class 'OSError'>: [Errno 66] Directory not empty: '/private/var/folders/cz/jqbthtks55zbkpcdkfyk4bl80000gp/T/pytest-of-iv/garbage-e5ad64a3-d332-43c0-bd32-839766f9ab9c'
    warnings.warn(

../pyvenv/lib/python3.14/site-packages/_pytest/pathlib.py:95
  /Users/iv/Developer/ReluxWorks/curator-spec/.temp/TASK-260824-3ojxne/scratch/pyvenv/lib/python3.14/site-packages/_pytest/pathlib.py:95: PytestWarning: (rm_rf) error removing /private/var/folders/cz/jqbthtks55zbkpcdkfyk4bl80000gp/T/pytest-of-iv/garbage-6f1f4638-5aea-41ad-8efe-c20a8c137355/test_rc6_toolchain_case_toolch0/toolchain-mode-1/pkg
  <class 'OSError'>: [Errno 66] Directory not empty: '/private/var/folders/cz/jqbthtks55zbkpcdkfyk4bl80000gp/T/pytest-of-iv/garbage-6f1f4638-5aea-41ad-8efe-c20a8c137355/test_rc6_toolchain_case_toolch0/toolchain-mode-1/pkg'
    warnings.warn(

../pyvenv/lib/python3.14/site-packages/_pytest/pathlib.py:95
  /Users/iv/Developer/ReluxWorks/curator-spec/.temp/TASK-260824-3ojxne/scratch/pyvenv/lib/python3.14/site-packages/_pytest/pathlib.py:95: PytestWarning: (rm_rf) error removing /private/var/folders/cz/jqbthtks55zbkpcdkfyk4bl80000gp/T/pytest-of-iv/garbage-6f1f4638-5aea-41ad-8efe-c20a8c137355/test_rc6_toolchain_case_toolch0/toolchain-mode-1
  <class 'OSError'>: [Errno 66] Directory not empty: '/private/var/folders/cz/jqbthtks55zbkpcdkfyk4bl80000gp/T/pytest-of-iv/garbage-6f1f4638-5aea-41ad-8efe-c20a8c137355/test_rc6_toolchain_case_toolch0/toolchain-mode-1'
    warnings.warn(

../pyvenv/lib/python3.14/site-packages/_pytest/pathlib.py:95
  /Users/iv/Developer/ReluxWorks/curator-spec/.temp/TASK-260824-3ojxne/scratch/pyvenv/lib/python3.14/site-packages/_pytest/pathlib.py:95: PytestWarning: (rm_rf) error removing /private/var/folders/cz/jqbthtks55zbkpcdkfyk4bl80000gp/T/pytest-of-iv/garbage-6f1f4638-5aea-41ad-8efe-c20a8c137355/test_rc6_toolchain_case_toolch0
  <class 'OSError'>: [Errno 66] Directory not empty: '/private/var/folders/cz/jqbthtks55zbkpcdkfyk4bl80000gp/T/pytest-of-iv/garbage-6f1f4638-5aea-41ad-8efe-c20a8c137355/test_rc6_toolchain_case_toolch0'
    warnings.warn(

../pyvenv/lib/python3.14/site-packages/_pytest/pathlib.py:95
  /Users/iv/Developer/ReluxWorks/curator-spec/.temp/TASK-260824-3ojxne/scratch/pyvenv/lib/python3.14/site-packages/_pytest/pathlib.py:95: PytestWarning: (rm_rf) error removing /private/var/folders/cz/jqbthtks55zbkpcdkfyk4bl80000gp/T/pytest-of-iv/garbage-6f1f4638-5aea-41ad-8efe-c20a8c137355
  <class 'OSError'>: [Errno 66] Directory not empty: '/private/var/folders/cz/jqbthtks55zbkpcdkfyk4bl80000gp/T/pytest-of-iv/garbage-6f1f4638-5aea-41ad-8efe-c20a8c137355'
    warnings.warn(

../pyvenv/lib/python3.14/site-packages/_pytest/pathlib.py:95
  /Users/iv/Developer/ReluxWorks/curator-spec/.temp/TASK-260824-3ojxne/scratch/pyvenv/lib/python3.14/site-packages/_pytest/pathlib.py:95: PytestWarning: (rm_rf) error removing /private/var/folders/cz/jqbthtks55zbkpcdkfyk4bl80000gp/T/pytest-of-iv/garbage-a39bedca-8ce0-4d48-972a-dabb4a207089/test_rc6_toolchain_case_toolch0/toolchain-mode-1/pkg
  <class 'OSError'>: [Errno 66] Directory not empty: '/private/var/folders/cz/jqbthtks55zbkpcdkfyk4bl80000gp/T/pytest-of-iv/garbage-a39bedca-8ce0-4d48-972a-dabb4a207089/test_rc6_toolchain_case_toolch0/toolchain-mode-1/pkg'
    warnings.warn(

../pyvenv/lib/python3.14/site-packages/_pytest/pathlib.py:95
  /Users/iv/Developer/ReluxWorks/curator-spec/.temp/TASK-260824-3ojxne/scratch/pyvenv/lib/python3.14/site-packages/_pytest/pathlib.py:95: PytestWarning: (rm_rf) error removing /private/var/folders/cz/jqbthtks55zbkpcdkfyk4bl80000gp/T/pytest-of-iv/garbage-a39bedca-8ce0-4d48-972a-dabb4a207089/test_rc6_toolchain_case_toolch0/toolchain-mode-1
  <class 'OSError'>: [Errno 66] Directory not empty: '/private/var/folders/cz/jqbthtks55zbkpcdkfyk4bl80000gp/T/pytest-of-iv/garbage-a39bedca-8ce0-4d48-972a-dabb4a207089/test_rc6_toolchain_case_toolch0/toolchain-mode-1'
    warnings.warn(

../pyvenv/lib/python3.14/site-packages/_pytest/pathlib.py:95
  /Users/iv/Developer/ReluxWorks/curator-spec/.temp/TASK-260824-3ojxne/scratch/pyvenv/lib/python3.14/site-packages/_pytest/pathlib.py:95: PytestWarning: (rm_rf) error removing /private/var/folders/cz/jqbthtks55zbkpcdkfyk4bl80000gp/T/pytest-of-iv/garbage-a39bedca-8ce0-4d48-972a-dabb4a207089/test_rc6_toolchain_case_toolch0
  <class 'OSError'>: [Errno 66] Directory not empty: '/private/var/folders/cz/jqbthtks55zbkpcdkfyk4bl80000gp/T/pytest-of-iv/garbage-a39bedca-8ce0-4d48-972a-dabb4a207089/test_rc6_toolchain_case_toolch0'
    warnings.warn(

../pyvenv/lib/python3.14/site-packages/_pytest/pathlib.py:95
  /Users/iv/Developer/ReluxWorks/curator-spec/.temp/TASK-260824-3ojxne/scratch/pyvenv/lib/python3.14/site-packages/_pytest/pathlib.py:95: PytestWarning: (rm_rf) error removing /private/var/folders/cz/jqbthtks55zbkpcdkfyk4bl80000gp/T/pytest-of-iv/garbage-a39bedca-8ce0-4d48-972a-dabb4a207089
  <class 'OSError'>: [Errno 66] Directory not empty: '/private/var/folders/cz/jqbthtks55zbkpcdkfyk4bl80000gp/T/pytest-of-iv/garbage-a39bedca-8ce0-4d48-972a-dabb4a207089'
    warnings.warn(

-- Docs: https://docs.pytest.org/en/stable/how-to/capture-warnings.html
80 passed, 29 warnings in 0.67s
