........................................................................ [ 39%]
........................................................................ [ 78%]
.......................................                                  [100%]
=============================== warnings summary ===============================
../pyvenv/lib/python3.14/site-packages/_pytest/pathlib.py:95
  /Users/iv/Developer/ReluxWorks/curator-spec/.temp/TASK-260824-3ojxne/scratch/pyvenv/lib/python3.14/site-packages/_pytest/pathlib.py:95: PytestWarning: (rm_rf) error removing /private/var/folders/cz/jqbthtks55zbkpcdkfyk4bl80000gp/T/pytest-of-iv/garbage-c1abaa74-799e-47c8-ab19-93e703d71c57/test_rc6_toolchain_case_toolch0/toolchain-mode-1/pkg
  <class 'OSError'>: [Errno 66] Directory not empty: '/private/var/folders/cz/jqbthtks55zbkpcdkfyk4bl80000gp/T/pytest-of-iv/garbage-c1abaa74-799e-47c8-ab19-93e703d71c57/test_rc6_toolchain_case_toolch0/toolchain-mode-1/pkg'
    warnings.warn(

../pyvenv/lib/python3.14/site-packages/_pytest/pathlib.py:95
  /Users/iv/Developer/ReluxWorks/curator-spec/.temp/TASK-260824-3ojxne/scratch/pyvenv/lib/python3.14/site-packages/_pytest/pathlib.py:95: PytestWarning: (rm_rf) error removing /private/var/folders/cz/jqbthtks55zbkpcdkfyk4bl80000gp/T/pytest-of-iv/garbage-c1abaa74-799e-47c8-ab19-93e703d71c57/test_rc6_toolchain_case_toolch0/toolchain-mode-1
  <class 'OSError'>: [Errno 66] Directory not empty: '/private/var/folders/cz/jqbthtks55zbkpcdkfyk4bl80000gp/T/pytest-of-iv/garbage-c1abaa74-799e-47c8-ab19-93e703d71c57/test_rc6_toolchain_case_toolch0/toolchain-mode-1'
    warnings.warn(

../pyvenv/lib/python3.14/site-packages/_pytest/pathlib.py:95
  /Users/iv/Developer/ReluxWorks/curator-spec/.temp/TASK-260824-3ojxne/scratch/pyvenv/lib/python3.14/site-packages/_pytest/pathlib.py:95: PytestWarning: (rm_rf) error removing /private/var/folders/cz/jqbthtks55zbkpcdkfyk4bl80000gp/T/pytest-of-iv/garbage-c1abaa74-799e-47c8-ab19-93e703d71c57/test_rc6_toolchain_case_toolch0
  <class 'OSError'>: [Errno 66] Directory not empty: '/private/var/folders/cz/jqbthtks55zbkpcdkfyk4bl80000gp/T/pytest-of-iv/garbage-c1abaa74-799e-47c8-ab19-93e703d71c57/test_rc6_toolchain_case_toolch0'
    warnings.warn(

../pyvenv/lib/python3.14/site-packages/_pytest/pathlib.py:95
  /Users/iv/Developer/ReluxWorks/curator-spec/.temp/TASK-260824-3ojxne/scratch/pyvenv/lib/python3.14/site-packages/_pytest/pathlib.py:95: PytestWarning: (rm_rf) error removing /private/var/folders/cz/jqbthtks55zbkpcdkfyk4bl80000gp/T/pytest-of-iv/garbage-c1abaa74-799e-47c8-ab19-93e703d71c57
  <class 'OSError'>: [Errno 66] Directory not empty: '/private/var/folders/cz/jqbthtks55zbkpcdkfyk4bl80000gp/T/pytest-of-iv/garbage-c1abaa74-799e-47c8-ab19-93e703d71c57'
    warnings.warn(

../pyvenv/lib/python3.14/site-packages/_pytest/pathlib.py:95
  /Users/iv/Developer/ReluxWorks/curator-spec/.temp/TASK-260824-3ojxne/scratch/pyvenv/lib/python3.14/site-packages/_pytest/pathlib.py:95: PytestWarning: (rm_rf) error removing /private/var/folders/cz/jqbthtks55zbkpcdkfyk4bl80000gp/T/pytest-of-iv/garbage-231365a6-f5d5-47a5-8b89-68bb522dfd07/test_rc6_toolchain_case_toolch0/toolchain-mode-1/pkg
  <class 'OSError'>: [Errno 66] Directory not empty: '/private/var/folders/cz/jqbthtks55zbkpcdkfyk4bl80000gp/T/pytest-of-iv/garbage-231365a6-f5d5-47a5-8b89-68bb522dfd07/test_rc6_toolchain_case_toolch0/toolchain-mode-1/pkg'
    warnings.warn(

../pyvenv/lib/python3.14/site-packages/_pytest/pathlib.py:95
  /Users/iv/Developer/ReluxWorks/curator-spec/.temp/TASK-260824-3ojxne/scratch/pyvenv/lib/python3.14/site-packages/_pytest/pathlib.py:95: PytestWarning: (rm_rf) error removing /private/var/folders/cz/jqbthtks55zbkpcdkfyk4bl80000gp/T/pytest-of-iv/garbage-231365a6-f5d5-47a5-8b89-68bb522dfd07/test_rc6_toolchain_case_toolch0/toolchain-mode-1
  <class 'OSError'>: [Errno 66] Directory not empty: '/private/var/folders/cz/jqbthtks55zbkpcdkfyk4bl80000gp/T/pytest-of-iv/garbage-231365a6-f5d5-47a5-8b89-68bb522dfd07/test_rc6_toolchain_case_toolch0/toolchain-mode-1'
    warnings.warn(

../pyvenv/lib/python3.14/site-packages/_pytest/pathlib.py:95
  /Users/iv/Developer/ReluxWorks/curator-spec/.temp/TASK-260824-3ojxne/scratch/pyvenv/lib/python3.14/site-packages/_pytest/pathlib.py:95: PytestWarning: (rm_rf) error removing /private/var/folders/cz/jqbthtks55zbkpcdkfyk4bl80000gp/T/pytest-of-iv/garbage-231365a6-f5d5-47a5-8b89-68bb522dfd07/test_rc6_toolchain_case_toolch0
  <class 'OSError'>: [Errno 66] Directory not empty: '/private/var/folders/cz/jqbthtks55zbkpcdkfyk4bl80000gp/T/pytest-of-iv/garbage-231365a6-f5d5-47a5-8b89-68bb522dfd07/test_rc6_toolchain_case_toolch0'
    warnings.warn(

../pyvenv/lib/python3.14/site-packages/_pytest/pathlib.py:95
  /Users/iv/Developer/ReluxWorks/curator-spec/.temp/TASK-260824-3ojxne/scratch/pyvenv/lib/python3.14/site-packages/_pytest/pathlib.py:95: PytestWarning: (rm_rf) error removing /private/var/folders/cz/jqbthtks55zbkpcdkfyk4bl80000gp/T/pytest-of-iv/garbage-231365a6-f5d5-47a5-8b89-68bb522dfd07
  <class 'OSError'>: [Errno 66] Directory not empty: '/private/var/folders/cz/jqbthtks55zbkpcdkfyk4bl80000gp/T/pytest-of-iv/garbage-231365a6-f5d5-47a5-8b89-68bb522dfd07'
    warnings.warn(

../pyvenv/lib/python3.14/site-packages/_pytest/pathlib.py:95
  /Users/iv/Developer/ReluxWorks/curator-spec/.temp/TASK-260824-3ojxne/scratch/pyvenv/lib/python3.14/site-packages/_pytest/pathlib.py:95: PytestWarning: (rm_rf) error removing /private/var/folders/cz/jqbthtks55zbkpcdkfyk4bl80000gp/T/pytest-of-iv/garbage-acb9e259-9e8e-4153-abf5-021348476d12/test_rc6_toolchain_case_toolch0/toolchain-mode-1/pkg
  <class 'OSError'>: [Errno 66] Directory not empty: '/private/var/folders/cz/jqbthtks55zbkpcdkfyk4bl80000gp/T/pytest-of-iv/garbage-acb9e259-9e8e-4153-abf5-021348476d12/test_rc6_toolchain_case_toolch0/toolchain-mode-1/pkg'
    warnings.warn(

../pyvenv/lib/python3.14/site-packages/_pytest/pathlib.py:95
  /Users/iv/Developer/ReluxWorks/curator-spec/.temp/TASK-260824-3ojxne/scratch/pyvenv/lib/python3.14/site-packages/_pytest/pathlib.py:95: PytestWarning: (rm_rf) error removing /private/var/folders/cz/jqbthtks55zbkpcdkfyk4bl80000gp/T/pytest-of-iv/garbage-acb9e259-9e8e-4153-abf5-021348476d12/test_rc6_toolchain_case_toolch0/toolchain-mode-1
  <class 'OSError'>: [Errno 66] Directory not empty: '/private/var/folders/cz/jqbthtks55zbkpcdkfyk4bl80000gp/T/pytest-of-iv/garbage-acb9e259-9e8e-4153-abf5-021348476d12/test_rc6_toolchain_case_toolch0/toolchain-mode-1'
    warnings.warn(

../pyvenv/lib/python3.14/site-packages/_pytest/pathlib.py:95
  /Users/iv/Developer/ReluxWorks/curator-spec/.temp/TASK-260824-3ojxne/scratch/pyvenv/lib/python3.14/site-packages/_pytest/pathlib.py:95: PytestWarning: (rm_rf) error removing /private/var/folders/cz/jqbthtks55zbkpcdkfyk4bl80000gp/T/pytest-of-iv/garbage-acb9e259-9e8e-4153-abf5-021348476d12/test_rc6_toolchain_case_toolch0
  <class 'OSError'>: [Errno 66] Directory not empty: '/private/var/folders/cz/jqbthtks55zbkpcdkfyk4bl80000gp/T/pytest-of-iv/garbage-acb9e259-9e8e-4153-abf5-021348476d12/test_rc6_toolchain_case_toolch0'
    warnings.warn(

../pyvenv/lib/python3.14/site-packages/_pytest/pathlib.py:95
  /Users/iv/Developer/ReluxWorks/curator-spec/.temp/TASK-260824-3ojxne/scratch/pyvenv/lib/python3.14/site-packages/_pytest/pathlib.py:95: PytestWarning: (rm_rf) error removing /private/var/folders/cz/jqbthtks55zbkpcdkfyk4bl80000gp/T/pytest-of-iv/garbage-acb9e259-9e8e-4153-abf5-021348476d12
  <class 'OSError'>: [Errno 66] Directory not empty: '/private/var/folders/cz/jqbthtks55zbkpcdkfyk4bl80000gp/T/pytest-of-iv/garbage-acb9e259-9e8e-4153-abf5-021348476d12'
    warnings.warn(

../pyvenv/lib/python3.14/site-packages/_pytest/pathlib.py:95
  /Users/iv/Developer/ReluxWorks/curator-spec/.temp/TASK-260824-3ojxne/scratch/pyvenv/lib/python3.14/site-packages/_pytest/pathlib.py:95: PytestWarning: (rm_rf) error removing /private/var/folders/cz/jqbthtks55zbkpcdkfyk4bl80000gp/T/pytest-of-iv/garbage-62c6d147-7fb1-4655-998d-1d8b0e08c77c/test_rc6_toolchain_case_toolch0/toolchain-mode-1/pkg
  <class 'OSError'>: [Errno 66] Directory not empty: '/private/var/folders/cz/jqbthtks55zbkpcdkfyk4bl80000gp/T/pytest-of-iv/garbage-62c6d147-7fb1-4655-998d-1d8b0e08c77c/test_rc6_toolchain_case_toolch0/toolchain-mode-1/pkg'
    warnings.warn(

../pyvenv/lib/python3.14/site-packages/_pytest/pathlib.py:95
  /Users/iv/Developer/ReluxWorks/curator-spec/.temp/TASK-260824-3ojxne/scratch/pyvenv/lib/python3.14/site-packages/_pytest/pathlib.py:95: PytestWarning: (rm_rf) error removing /private/var/folders/cz/jqbthtks55zbkpcdkfyk4bl80000gp/T/pytest-of-iv/garbage-62c6d147-7fb1-4655-998d-1d8b0e08c77c/test_rc6_toolchain_case_toolch0/toolchain-mode-1
  <class 'OSError'>: [Errno 66] Directory not empty: '/private/var/folders/cz/jqbthtks55zbkpcdkfyk4bl80000gp/T/pytest-of-iv/garbage-62c6d147-7fb1-4655-998d-1d8b0e08c77c/test_rc6_toolchain_case_toolch0/toolchain-mode-1'
    warnings.warn(

../pyvenv/lib/python3.14/site-packages/_pytest/pathlib.py:95
  /Users/iv/Developer/ReluxWorks/curator-spec/.temp/TASK-260824-3ojxne/scratch/pyvenv/lib/python3.14/site-packages/_pytest/pathlib.py:95: PytestWarning: (rm_rf) error removing /private/var/folders/cz/jqbthtks55zbkpcdkfyk4bl80000gp/T/pytest-of-iv/garbage-62c6d147-7fb1-4655-998d-1d8b0e08c77c/test_rc6_toolchain_case_toolch0
  <class 'OSError'>: [Errno 66] Directory not empty: '/private/var/folders/cz/jqbthtks55zbkpcdkfyk4bl80000gp/T/pytest-of-iv/garbage-62c6d147-7fb1-4655-998d-1d8b0e08c77c/test_rc6_toolchain_case_toolch0'
    warnings.warn(

../pyvenv/lib/python3.14/site-packages/_pytest/pathlib.py:95
  /Users/iv/Developer/ReluxWorks/curator-spec/.temp/TASK-260824-3ojxne/scratch/pyvenv/lib/python3.14/site-packages/_pytest/pathlib.py:95: PytestWarning: (rm_rf) error removing /private/var/folders/cz/jqbthtks55zbkpcdkfyk4bl80000gp/T/pytest-of-iv/garbage-62c6d147-7fb1-4655-998d-1d8b0e08c77c
  <class 'OSError'>: [Errno 66] Directory not empty: '/private/var/folders/cz/jqbthtks55zbkpcdkfyk4bl80000gp/T/pytest-of-iv/garbage-62c6d147-7fb1-4655-998d-1d8b0e08c77c'
    warnings.warn(

../pyvenv/lib/python3.14/site-packages/_pytest/pathlib.py:95
  /Users/iv/Developer/ReluxWorks/curator-spec/.temp/TASK-260824-3ojxne/scratch/pyvenv/lib/python3.14/site-packages/_pytest/pathlib.py:95: PytestWarning: (rm_rf) error removing /private/var/folders/cz/jqbthtks55zbkpcdkfyk4bl80000gp/T/pytest-of-iv/garbage-468ce603-e875-4363-9387-9000a871cd41/test_rc6_toolchain_case_toolch0/toolchain-mode-1/pkg
  <class 'OSError'>: [Errno 66] Directory not empty: '/private/var/folders/cz/jqbthtks55zbkpcdkfyk4bl80000gp/T/pytest-of-iv/garbage-468ce603-e875-4363-9387-9000a871cd41/test_rc6_toolchain_case_toolch0/toolchain-mode-1/pkg'
    warnings.warn(

../pyvenv/lib/python3.14/site-packages/_pytest/pathlib.py:95
  /Users/iv/Developer/ReluxWorks/curator-spec/.temp/TASK-260824-3ojxne/scratch/pyvenv/lib/python3.14/site-packages/_pytest/pathlib.py:95: PytestWarning: (rm_rf) error removing /private/var/folders/cz/jqbthtks55zbkpcdkfyk4bl80000gp/T/pytest-of-iv/garbage-468ce603-e875-4363-9387-9000a871cd41/test_rc6_toolchain_case_toolch0/toolchain-mode-1
  <class 'OSError'>: [Errno 66] Directory not empty: '/private/var/folders/cz/jqbthtks55zbkpcdkfyk4bl80000gp/T/pytest-of-iv/garbage-468ce603-e875-4363-9387-9000a871cd41/test_rc6_toolchain_case_toolch0/toolchain-mode-1'
    warnings.warn(

../pyvenv/lib/python3.14/site-packages/_pytest/pathlib.py:95
  /Users/iv/Developer/ReluxWorks/curator-spec/.temp/TASK-260824-3ojxne/scratch/pyvenv/lib/python3.14/site-packages/_pytest/pathlib.py:95: PytestWarning: (rm_rf) error removing /private/var/folders/cz/jqbthtks55zbkpcdkfyk4bl80000gp/T/pytest-of-iv/garbage-468ce603-e875-4363-9387-9000a871cd41/test_rc6_toolchain_case_toolch0
  <class 'OSError'>: [Errno 66] Directory not empty: '/private/var/folders/cz/jqbthtks55zbkpcdkfyk4bl80000gp/T/pytest-of-iv/garbage-468ce603-e875-4363-9387-9000a871cd41/test_rc6_toolchain_case_toolch0'
    warnings.warn(

../pyvenv/lib/python3.14/site-packages/_pytest/pathlib.py:95
  /Users/iv/Developer/ReluxWorks/curator-spec/.temp/TASK-260824-3ojxne/scratch/pyvenv/lib/python3.14/site-packages/_pytest/pathlib.py:95: PytestWarning: (rm_rf) error removing /private/var/folders/cz/jqbthtks55zbkpcdkfyk4bl80000gp/T/pytest-of-iv/garbage-468ce603-e875-4363-9387-9000a871cd41
  <class 'OSError'>: [Errno 66] Directory not empty: '/private/var/folders/cz/jqbthtks55zbkpcdkfyk4bl80000gp/T/pytest-of-iv/garbage-468ce603-e875-4363-9387-9000a871cd41'
    warnings.warn(

../pyvenv/lib/python3.14/site-packages/_pytest/pathlib.py:95
  /Users/iv/Developer/ReluxWorks/curator-spec/.temp/TASK-260824-3ojxne/scratch/pyvenv/lib/python3.14/site-packages/_pytest/pathlib.py:95: PytestWarning: (rm_rf) error removing /private/var/folders/cz/jqbthtks55zbkpcdkfyk4bl80000gp/T/pytest-of-iv/garbage-a909446e-cdbc-4f78-adfa-26d914dfe7e5/test_rc6_toolchain_case_toolch0/toolchain-mode-1/pkg
  <class 'OSError'>: [Errno 66] Directory not empty: '/private/var/folders/cz/jqbthtks55zbkpcdkfyk4bl80000gp/T/pytest-of-iv/garbage-a909446e-cdbc-4f78-adfa-26d914dfe7e5/test_rc6_toolchain_case_toolch0/toolchain-mode-1/pkg'
    warnings.warn(

../pyvenv/lib/python3.14/site-packages/_pytest/pathlib.py:95
  /Users/iv/Developer/ReluxWorks/curator-spec/.temp/TASK-260824-3ojxne/scratch/pyvenv/lib/python3.14/site-packages/_pytest/pathlib.py:95: PytestWarning: (rm_rf) error removing /private/var/folders/cz/jqbthtks55zbkpcdkfyk4bl80000gp/T/pytest-of-iv/garbage-a909446e-cdbc-4f78-adfa-26d914dfe7e5/test_rc6_toolchain_case_toolch0/toolchain-mode-1
  <class 'OSError'>: [Errno 66] Directory not empty: '/private/var/folders/cz/jqbthtks55zbkpcdkfyk4bl80000gp/T/pytest-of-iv/garbage-a909446e-cdbc-4f78-adfa-26d914dfe7e5/test_rc6_toolchain_case_toolch0/toolchain-mode-1'
    warnings.warn(

../pyvenv/lib/python3.14/site-packages/_pytest/pathlib.py:95
  /Users/iv/Developer/ReluxWorks/curator-spec/.temp/TASK-260824-3ojxne/scratch/pyvenv/lib/python3.14/site-packages/_pytest/pathlib.py:95: PytestWarning: (rm_rf) error removing /private/var/folders/cz/jqbthtks55zbkpcdkfyk4bl80000gp/T/pytest-of-iv/garbage-a909446e-cdbc-4f78-adfa-26d914dfe7e5/test_rc6_toolchain_case_toolch0
  <class 'OSError'>: [Errno 66] Directory not empty: '/private/var/folders/cz/jqbthtks55zbkpcdkfyk4bl80000gp/T/pytest-of-iv/garbage-a909446e-cdbc-4f78-adfa-26d914dfe7e5/test_rc6_toolchain_case_toolch0'
    warnings.warn(

../pyvenv/lib/python3.14/site-packages/_pytest/pathlib.py:95
  /Users/iv/Developer/ReluxWorks/curator-spec/.temp/TASK-260824-3ojxne/scratch/pyvenv/lib/python3.14/site-packages/_pytest/pathlib.py:95: PytestWarning: (rm_rf) error removing /private/var/folders/cz/jqbthtks55zbkpcdkfyk4bl80000gp/T/pytest-of-iv/garbage-a909446e-cdbc-4f78-adfa-26d914dfe7e5
  <class 'OSError'>: [Errno 66] Directory not empty: '/private/var/folders/cz/jqbthtks55zbkpcdkfyk4bl80000gp/T/pytest-of-iv/garbage-a909446e-cdbc-4f78-adfa-26d914dfe7e5'
    warnings.warn(

../pyvenv/lib/python3.14/site-packages/_pytest/pathlib.py:95
  /Users/iv/Developer/ReluxWorks/curator-spec/.temp/TASK-260824-3ojxne/scratch/pyvenv/lib/python3.14/site-packages/_pytest/pathlib.py:95: PytestWarning: (rm_rf) error removing /private/var/folders/cz/jqbthtks55zbkpcdkfyk4bl80000gp/T/pytest-of-iv/garbage-7831789f-5373-43d6-b57b-df83e90f5f4f/test_rc6_toolchain_case_toolch0/toolchain-mode-1/pkg
  <class 'OSError'>: [Errno 66] Directory not empty: '/private/var/folders/cz/jqbthtks55zbkpcdkfyk4bl80000gp/T/pytest-of-iv/garbage-7831789f-5373-43d6-b57b-df83e90f5f4f/test_rc6_toolchain_case_toolch0/toolchain-mode-1/pkg'
    warnings.warn(

../pyvenv/lib/python3.14/site-packages/_pytest/pathlib.py:95
  /Users/iv/Developer/ReluxWorks/curator-spec/.temp/TASK-260824-3ojxne/scratch/pyvenv/lib/python3.14/site-packages/_pytest/pathlib.py:95: PytestWarning: (rm_rf) error removing /private/var/folders/cz/jqbthtks55zbkpcdkfyk4bl80000gp/T/pytest-of-iv/garbage-7831789f-5373-43d6-b57b-df83e90f5f4f/test_rc6_toolchain_case_toolch0/toolchain-mode-1
  <class 'OSError'>: [Errno 66] Directory not empty: '/private/var/folders/cz/jqbthtks55zbkpcdkfyk4bl80000gp/T/pytest-of-iv/garbage-7831789f-5373-43d6-b57b-df83e90f5f4f/test_rc6_toolchain_case_toolch0/toolchain-mode-1'
    warnings.warn(

../pyvenv/lib/python3.14/site-packages/_pytest/pathlib.py:95
  /Users/iv/Developer/ReluxWorks/curator-spec/.temp/TASK-260824-3ojxne/scratch/pyvenv/lib/python3.14/site-packages/_pytest/pathlib.py:95: PytestWarning: (rm_rf) error removing /private/var/folders/cz/jqbthtks55zbkpcdkfyk4bl80000gp/T/pytest-of-iv/garbage-7831789f-5373-43d6-b57b-df83e90f5f4f/test_rc6_toolchain_case_toolch0
  <class 'OSError'>: [Errno 66] Directory not empty: '/private/var/folders/cz/jqbthtks55zbkpcdkfyk4bl80000gp/T/pytest-of-iv/garbage-7831789f-5373-43d6-b57b-df83e90f5f4f/test_rc6_toolchain_case_toolch0'
    warnings.warn(

../pyvenv/lib/python3.14/site-packages/_pytest/pathlib.py:95
  /Users/iv/Developer/ReluxWorks/curator-spec/.temp/TASK-260824-3ojxne/scratch/pyvenv/lib/python3.14/site-packages/_pytest/pathlib.py:95: PytestWarning: (rm_rf) error removing /private/var/folders/cz/jqbthtks55zbkpcdkfyk4bl80000gp/T/pytest-of-iv/garbage-7831789f-5373-43d6-b57b-df83e90f5f4f
  <class 'OSError'>: [Errno 66] Directory not empty: '/private/var/folders/cz/jqbthtks55zbkpcdkfyk4bl80000gp/T/pytest-of-iv/garbage-7831789f-5373-43d6-b57b-df83e90f5f4f'
    warnings.warn(

-- Docs: https://docs.pytest.org/en/stable/how-to/capture-warnings.html
183 passed, 28 warnings in 0.33s
